	CytLyti6, [ARB_6B3852E]	TaxOcell, [ARB_21595EF]	BctFra12, [ARB_4560B41C]	StrRamo3, [ARB_30F12BA8]	StrCoel9, [X77040]	MucRacem, [ARB_5ADBD66E]	MucRace2, [ARB_3627F120]	MucRace3, [ARB_73CEEA74]	AbdGlauc, [ARB_A706F312]	CddAlbic, [ARB_10F3627F]
CytLyti6, [ARB_6B3852E]	  -0	 160	 137	 175	 300	 142	 217	 148	 281	 167
TaxOcell, [ARB_21595EF]	 160	  -0	 300	 300	74,6	 217	 300	 217	 175	 300
BctFra12, [ARB_4560B41C]	 137	 300	  -0	31,9	 300	 128	 142	 160	 300	 120
StrRamo3, [ARB_30F12BA8]	 175	 300	31,9	  -0	 300	 160	 154	 204	 300	 167
StrCoel9, [X77040]	 300	74,6	 300	 300	  -0	 300	 300	 300	 175	 300
MucRacem, [ARB_5ADBD66E]	 142	 217	 128	 160	 300	  -0	 128	 6,6	 300	 160
MucRace2, [ARB_3627F120]	 217	 300	 142	 154	 300	 128	  -0	 193	 300	 133
MucRace3, [ARB_73CEEA74]	 148	 217	 160	 204	 300	 6,6	 193	  -0	 300	 253
AbdGlauc, [ARB_A706F312]	 281	 175	 300	 300	 175	 300	 300	 300	  -0	 300
CddAlbic, [ARB_10F3627F]	 167	 300	 120	 167	 300	 160	 133	 253	 300	  -0

Minimum:	-0.000000
Maximum:	300.000000
Average:	190.594714
