  1 primer found len  33(of    8 taxa) for position 390
  ACTCCTACGGGAGGCAGCAGTAGGGAATCTTCC matching    8 taxa     GC =  57%


  1 primer found len  39(of    8 taxa) for position 555
  CACGGCTAACTACGTGCCAGCAGCCGCGGTAATACGTAG matching    8 taxa     GC =  58%


  1 primer found len  35(of    8 taxa) for position 989
  CCCGCACAAGCGGTGGAGCATGTGGTTTAATTCGA matching    8 taxa     GC =  54%


  1 primer found len  37(of    8 taxa) for position 1124
  GTCGTCAGCTCGTGTCGTGAGATGTTGGGTTAAGTCC matching    8 taxa     GC =  54%


