(
 (
  (
   (
    BctFra12:0.275,
    CytLyti6:0.318
   ):0.041,
   TaxOcell:0.274
  ):0.582,
  (
   StrRamo3:0.097,
   StrCoel9:0.154
  ):0.669
 ):0.585,
 (
  (
   (
    (
     MucRacem:0.016,
     MucRace2:-0.010
    ):0.068,
    MucRace3:0.098
   ):0.076,
   AbdGlauc:0.074
  ):0.123,
  (
   SacCere5:0.175,
   CddAlbic:0.029
  ):0.092
 ):3.416);