ID   HSFAU     preliminary; RNA; UNA; 518 BP.
XX
AC   X65923
XX
DT   02-JAN-1910 (Rel. 1, Last updated, Version 1)
DT   02-JAN-1910 (Rel. 1, Created)
XX
DE   H.sapiens fau mRNA.
XX
KW   .
XX
DR   RDP; HSFAU.
XX
SQ   Sequence 518 BP; 125 A; 139 C; 148 G; 106 T; 0 other;
     ttcctctttc tcgactccat cttcgcggta gctgggaccg ccgttcagtc gccaatatgc
     agctctttgt ccgcgcccag gagctacaca ccttcgaggt gaccggccag gaaacggtcg
     cccagatcaa ggctcatgta gcctcactgg agggcattgc cccggaagat caagtcgtgc
     tcctggcagg cgcgcccctg gaggatgagg ccactctggg ccagtgcggg gtggaggccc
     tgactaccct ggaagtagca ggccgcatgc ttggaggtaa agttcatggt tccctggccc
     gtgctggaaa agtgagaggt cagactccta aggtggccaa acaggagaag aagaagaaga
     agacaggtcg ggctaagcgg cggatgcagt acaaccggcg ctttgtcaac gttgtgccca
     cctttggcaa gaagaagggc cccaatgcca actcttaagt cttttgtaat tctggctttc
     tctaataaaa aagccactta gttcagtcaa aaaaaaaa
//
ID   HSFAU1    preliminary; RNA; UNA; 2016 BP.
XX
AC   X65921
XX
DT   02-JAN-1910 (Rel. 1, Last updated, Version 1)
DT   02-JAN-1910 (Rel. 1, Created)
XX
DE   H.sapiens fau 1 gene.
XX
KW   .
XX
DR   RDP; HSFAU1.
XX
SQ   Sequence 2016 BP; 421 A; 562 C; 538 G; 495 T; 0 other;
     ctaccatttt ccctctcgat tctatatgta cactcgggac aagttctcct gatcgaaaac
     ggcaaaacta aggccccaag taggaatgcc ttagttttcg gggttaacaa tgattaacac
     tgagcctcac acccacgcga tgccctcagc tcctcgctca gcgctctcac caacagccgt
     agcccgcagc cccgctggac accggttctc catccccgca gcgtagcccg gaacatggta
     gctgccatct ttacctgcta cgccagcctt ctgtgcgcgc aactgtctgg tcccgccccg
     tcctgcgcga gctgctgccc aggcaggttc gccggtgcga gcgtaaaggg gcggagctag
     gactgccttg ggcggtacaa atagcaggga accgcgcggt cgctcagcag tgacgtgaca
     cgcagcccac ggtctgtact gacgcgccct cgcttcttcc tctttctcga ctccatcttc
     gcggtagctg ggaccgccgt tcaggtaaga atggggcctt ggctggatcc gaagggcttg
     tagcaggttg gctgcggggt cagaaggcgc ggggggaacc gaagaacggg gcctgctccg
     tggccctgct ccagtcccta tccgaactcc ttgggaggca ctggccttcc gcacgtgagc
     cgccgcgacc accatcccgt cgcgatcgtt tctggaccgc tttccactcc caaatctcct
     ttatcccaga gcatttcttg gcttctctta caagccgtct tttctttact cagtcgccaa
     tatgcagctc tttgtccgcg cccaggagct acacaccttc gaggtgaccg gccaggaaac
     ggtcgcccag atcaaggtaa ggctgcttgg tgcgccctgg gttccatttt cttgtgctct
     tcactctcgc ggcccgaggg aacgcttacg agccttatct ttccctgtag gctcatgtag
     cctcactgga gggcattgcc ccggaagatc aagtcgtgct cctggcaggc gcgcccctgg
     aggatgaggc cactctgggc cagtgcgggg tggaggccct gactaccctg gaagtagcag
     gccgcatgct tggaggtgag tgagagagga atgttctttg aagtaccggt aagcgtctag
     tgagtgtggg gtgcatagtc ctgacagctg agtgtcacac ctatggtaat agagtacttc
     tcactgtctt cagttcagag tgattcttcc tgtttacatc cctcatgttg aacacagacg
     tccatgggag actgagccag agtgtagttg tatttcagtc acatcacgag atcctagtct
     ggttatcagc ttccacacta aaaattaggt cagaccaggc cccaaagtgc tctataaatt
     agaagctgga agatcctgaa atgaaactta agatttcaag gtcaaatatc tgcaactttg
     ttctcattac ctattgggcg cagcttctct ttaaaggctt gaattgagaa aagaggggtt
     ctgctgggtg gcaccttctt gctcttacct gctggtgcct tcctttccca ctacaggtaa
     agtccatggt tccctggccc gtgctggaaa agtgagaggt cagactccta aggtgagtga
     gagtattagt ggtcatggtg ttaggacttt ttttcctttc acagctaaac caagtccctg
     ggctcttact cggtttgcct tctccctccc tggagatgag cctgagggaa gggatgctag
     gtgtggaaga caggaaccag ggcctgatta accttccctt ctccaggtgg ccaaacagga
     gaagaagaag aagaagacag gtcgggctaa gcggcggatg cagtacaacc ggcgctttgt
     caacgttgtg cccacctttg gcaagaagaa gggccccaat gccaactctt aagtcttttg
     taattctggc tttctctaat aaaaaagcca cttagttcag tcatcgcatt gtttcatctt
     tacttgcaag gcctcaggga gaggtgtgct tctcgg
//
