#NEXUS
[! RDP - the Ribosomal Database Project, (Sat Oct  2 19:08:41 2010).]
[! To get started, send HELP to rdp@info.mcs.anl.gov ]
BEGIN DATA;
   DIMENSIONS
      NTAX =      2
      NCHAR =   2016
      ;
   FORMAT
      LABELPOS = LEFT
      MISSING = .
      EQUATE = "~=.|><"
      INTERLEAVE
      DATATYPE = RNA
      GAP = -
      ;
   OPTIONS
      GAPMODE = MISSING
      ;
   MATRIX
      HSFAU      ttcctctttc tcgactccat cttcgcggta gctgggaccg ccgttcagtc [1 - 50]
      HSFAU1     ctaccatttt ccctctcgat tctatatgta cactcgggac aagttctcct

      HSFAU      gccaatatgc agctctttgt ccgcgcccag gagctacaca ccttcgaggt [51 - 100]
      HSFAU1     gatcgaaaac ggcaaaacta aggccccaag taggaatgcc ttagttttcg

      HSFAU      gaccggccag gaaacggtcg cccagatcaa ggctcatgta gcctcactgg [101 - 150]
      HSFAU1     gggttaacaa tgattaacac tgagcctcac acccacgcga tgccctcagc

      HSFAU      agggcattgc cccggaagat caagtcgtgc tcctggcagg cgcgcccctg [151 - 200]
      HSFAU1     tcctcgctca gcgctctcac caacagccgt agcccgcagc cccgctggac

      HSFAU      gaggatgagg ccactctggg ccagtgcggg gtggaggccc tgactaccct [201 - 250]
      HSFAU1     accggttctc catccccgca gcgtagcccg gaacatggta gctgccatct

      HSFAU      ggaagtagca ggccgcatgc ttggaggtaa agttcatggt tccctggccc [251 - 300]
      HSFAU1     ttacctgcta cgccagcctt ctgtgcgcgc aactgtctgg tcccgccccg

      HSFAU      gtgctggaaa agtgagaggt cagactccta aggtggccaa acaggagaag [301 - 350]
      HSFAU1     tcctgcgcga gctgctgccc aggcaggttc gccggtgcga gcgtaaaggg

      HSFAU      aagaagaaga agacaggtcg ggctaagcgg cggatgcagt acaaccggcg [351 - 400]
      HSFAU1     gcggagctag gactgccttg ggcggtacaa atagcaggga accgcgcggt

      HSFAU      ctttgtcaac gttgtgccca cctttggcaa gaagaagggc cccaatgcca [401 - 450]
      HSFAU1     cgctcagcag tgacgtgaca cgcagcccac ggtctgtact gacgcgccct

      HSFAU      actcttaagt cttttgtaat tctggctttc tctaataaaa aagccactta [451 - 500]
      HSFAU1     cgcttcttcc tctttctcga ctccatcttc gcggtagctg ggaccgccgt

      HSFAU      gttcagtcaa aaaaaaaa [501 - 518]
      HSFAU1     tcaggtaaga atggggcctt ggctggatcc gaagggcttg tagcaggttg

      HSFAU
      HSFAU1     gctgcggggt cagaaggcgc ggggggaacc gaagaacggg gcctgctccg [551 - 600]

      HSFAU
      HSFAU1     tggccctgct ccagtcccta tccgaactcc ttgggaggca ctggccttcc [601 - 650]

      HSFAU
      HSFAU1     gcacgtgagc cgccgcgacc accatcccgt cgcgatcgtt tctggaccgc [651 - 700]

      HSFAU
      HSFAU1     tttccactcc caaatctcct ttatcccaga gcatttcttg gcttctctta [701 - 750]

      HSFAU
      HSFAU1     caagccgtct tttctttact cagtcgccaa tatgcagctc tttgtccgcg [751 - 800]

      HSFAU
      HSFAU1     cccaggagct acacaccttc gaggtgaccg gccaggaaac ggtcgcccag [801 - 850]

      HSFAU
      HSFAU1     atcaaggtaa ggctgcttgg tgcgccctgg gttccatttt cttgtgctct [851 - 900]

      HSFAU
      HSFAU1     tcactctcgc ggcccgaggg aacgcttacg agccttatct ttccctgtag [901 - 950]

      HSFAU
      HSFAU1     gctcatgtag cctcactgga gggcattgcc ccggaagatc aagtcgtgct [951 - 1000]

      HSFAU
      HSFAU1     cctggcaggc gcgcccctgg aggatgaggc cactctgggc cagtgcgggg [1001 - 1050]

      HSFAU
      HSFAU1     tggaggccct gactaccctg gaagtagcag gccgcatgct tggaggtgag [1051 - 1100]

      HSFAU
      HSFAU1     tgagagagga atgttctttg aagtaccggt aagcgtctag tgagtgtggg [1101 - 1150]

      HSFAU
      HSFAU1     gtgcatagtc ctgacagctg agtgtcacac ctatggtaat agagtacttc [1151 - 1200]

      HSFAU
      HSFAU1     tcactgtctt cagttcagag tgattcttcc tgtttacatc cctcatgttg [1201 - 1250]

      HSFAU
      HSFAU1     aacacagacg tccatgggag actgagccag agtgtagttg tatttcagtc [1251 - 1300]

      HSFAU
      HSFAU1     acatcacgag atcctagtct ggttatcagc ttccacacta aaaattaggt [1301 - 1350]

      HSFAU
      HSFAU1     cagaccaggc cccaaagtgc tctataaatt agaagctgga agatcctgaa [1351 - 1400]

      HSFAU
      HSFAU1     atgaaactta agatttcaag gtcaaatatc tgcaactttg ttctcattac [1401 - 1450]

      HSFAU
      HSFAU1     ctattgggcg cagcttctct ttaaaggctt gaattgagaa aagaggggtt [1451 - 1500]

      HSFAU
      HSFAU1     ctgctgggtg gcaccttctt gctcttacct gctggtgcct tcctttccca [1501 - 1550]

      HSFAU
      HSFAU1     ctacaggtaa agtccatggt tccctggccc gtgctggaaa agtgagaggt [1551 - 1600]

      HSFAU
      HSFAU1     cagactccta aggtgagtga gagtattagt ggtcatggtg ttaggacttt [1601 - 1650]

      HSFAU
      HSFAU1     ttttcctttc acagctaaac caagtccctg ggctcttact cggtttgcct [1651 - 1700]

      HSFAU
      HSFAU1     tctccctccc tggagatgag cctgagggaa gggatgctag gtgtggaaga [1701 - 1750]

      HSFAU
      HSFAU1     caggaaccag ggcctgatta accttccctt ctccaggtgg ccaaacagga [1751 - 1800]

      HSFAU
      HSFAU1     gaagaagaag aagaagacag gtcgggctaa gcggcggatg cagtacaacc [1801 - 1850]

      HSFAU
      HSFAU1     ggcgctttgt caacgttgtg cccacctttg gcaagaagaa gggccccaat [1851 - 1900]

      HSFAU
      HSFAU1     gccaactctt aagtcttttg taattctggc tttctctaat aaaaaagcca [1901 - 1950]

      HSFAU
      HSFAU1     cttagttcag tcatcgcatt gtttcatctt tacttgcaag gcctcaggga [1951 - 2000]

      HSFAU
      HSFAU1     gaggtgtgct tctcgg [2001 - 2016]
      ;
ENDBLOCK;
