       3     2016
AF375552;  cattgtcgcg catgaactgc aactgctgag ggatcaggat aatcatccgc
HSFAU      ttcctctttc tcgactccat cttcgcggta gctgggaccg ccgttcagtc
HSFAU1     ctaccatttt ccctctcgat tctatatgta cactcgggac aagttctcct

agataaatat 60aactgcta aaaataatac acaaacttac gcaatggcag cctaaacagc
gccaatatgc agctctttgt ccgcgcccag gagctacaca ccttcgaggt gaccggccag
gatcgaaaac ggcaaaacta aggccccaag taggaatgcc ttagttttcg gggttaacaa

accatgcgtg cc120tgatt tttgctcact gatggcaatt tgacggccta aacttttagt
gaaacggtcg cccagatcaa ggctcatgta gcctcactgg agggcattgc cccggaagat
tgattaacac tgagcctcac acccacgcga tgccctcagc tcctcgctca gcgctctcac

cagatacgtt gttgt180gg aggcttgacg cagcaaaaga gatttaaagc cccgcaaaat
caagtcgtgc tcctggcagg cgcgcccctg gaggatgagg ccactctggg ccagtgcggg
caacagccgt agcccgcagc cccgctggac accggttctc catccccgca gcgtagcccg

gtcgctgttt gagactgg24 0ctttggcat tttgttaaat ttgagaaagt cctatggttg
gtggaggccc tgactaccct ggaagtagca ggccgcatgc ttggaggtaa agttcatggt
gaacatggta gctgccatct ttacctgcta cgccagcctt ctgtgcgcgc aactgtctgg

tagacgttga tgtagcaagg t300gtttgg acag310
tccctggccc gtgctggaaa agtgagaggt cagactccta aggtggccaa acaggagaag
tcccgccccg tcctgcgcga gctgctgccc aggcaggttc gccggtgcga gcgtaaaggg


aagaagaaga agacaggtcg ggctaagcgg cggatgcagt acaaccggcg ctttgtcaac
gcggagctag gactgccttg ggcggtacaa atagcaggga accgcgcggt cgctcagcag


gttgtgccca cctttggcaa gaagaagggc cccaatgcca actcttaagt cttttgtaat
tgacgtgaca cgcagcccac ggtctgtact gacgcgccct cgcttcttcc tctttctcga


tctggctttc tctaataaaa aagccactta gttcagtcaa aaaaaaaa
ctccatcttc gcggtagctg ggaccgccgt tcaggtaaga atggggcctt ggctggatcc



gaagggcttg tagcaggttg gctgcggggt cagaaggcgc ggggggaacc gaagaacggg



gcctgctccg tggccctgct ccagtcccta tccgaactcc ttgggaggca ctggccttcc



gcacgtgagc cgccgcgacc accatcccgt cgcgatcgtt tctggaccgc tttccactcc



caaatctcct ttatcccaga gcatttcttg gcttctctta caagccgtct tttctttact



cagtcgccaa tatgcagctc tttgtccgcg cccaggagct acacaccttc gaggtgaccg



gccaggaaac ggtcgcccag atcaaggtaa ggctgcttgg tgcgccctgg gttccatttt



cttgtgctct tcactctcgc ggcccgaggg aacgcttacg agccttatct ttccctgtag



gctcatgtag cctcactgga gggcattgcc ccggaagatc aagtcgtgct cctggcaggc



gcgcccctgg aggatgaggc cactctgggc cagtgcgggg tggaggccct gactaccctg



gaagtagcag gccgcatgct tggaggtgag tgagagagga atgttctttg aagtaccggt



aagcgtctag tgagtgtggg gtgcatagtc ctgacagctg agtgtcacac ctatggtaat



agagtacttc tcactgtctt cagttcagag tgattcttcc tgtttacatc cctcatgttg



aacacagacg tccatgggag actgagccag agtgtagttg tatttcagtc acatcacgag



atcctagtct ggttatcagc ttccacacta aaaattaggt cagaccaggc cccaaagtgc



tctataaatt agaagctgga agatcctgaa atgaaactta agatttcaag gtcaaatatc



tgcaactttg ttctcattac ctattgggcg cagcttctct ttaaaggctt gaattgagaa



aagaggggtt ctgctgggtg gcaccttctt gctcttacct gctggtgcct tcctttccca



ctacaggtaa agtccatggt tccctggccc gtgctggaaa agtgagaggt cagactccta



aggtgagtga gagtattagt ggtcatggtg ttaggacttt ttttcctttc acagctaaac



caagtccctg ggctcttact cggtttgcct tctccctccc tggagatgag cctgagggaa



gggatgctag gtgtggaaga caggaaccag ggcctgatta accttccctt ctccaggtgg



ccaaacagga gaagaagaag aagaagacag gtcgggctaa gcggcggatg cagtacaacc



ggcgctttgt caacgttgtg cccacctttg gcaagaagaa gggccccaat gccaactctt



aagtcttttg taattctggc tttctctaat aaaaaagcca cttagttcag tcatcgcatt



gtttcatctt tacttgcaag gcctcaggga gaggtgtgct tctcgg
