(
 (
  (
   (
    SacCere5:0.152,
    StrRamo3:0.004
   ):0.258,
   (
    MucRacem:0.172,
    (
     CytLyti6:0.057,
     (
      (
       BctFra12:0.157,
       AbdGlauc:0.023
      ):0.000,
      (
       MucRace3:0.074,
       CddAlbic:0.004
      ):0.063
     ):0.050
    ):0.054
   ):0.059
  ):0.022,
  TaxOcell:0.149
 ):0.674,
 (
  StrCoel9:0.002,
  MucRace2:0.026
 ):0.674);