(
 (
  (
   (
    (
     MucRace3:0.002,
     (
      MucRacem:0.000,
      MucRaceP:0.000
     ):0.000
    ):0.004,
    MucRace2:0.004
   ):0.057,
   AbdGlauc:0.050
  ):0.026,
  (
   CddAlbic:0.063,
   SacCere5:0.074
  ):0.022
 ):0.674,
 (
  (
   (
    CytLyti6:0.152,
    TaxOcell:0.149
   ):0.023,
   BctFra12:0.157
  ):0.172,
  (
   (
    StrCoel9:0.000,
    StrCoelP:0.000
   ):0.054,
   StrRamo3:0.059
  ):0.258
 ):0.674);