 MetMazei      0 .....................AUUCUGGUU-----GA--U-CC-U-G-CCAG-AG-GU-U-A


 MetMazei     27 C-U-GC--U-AU-C--G-GU-GUUC--GC---C-U--AAGCCA-U-GC-G-AGU-CAU-A-U


 MetMazei     64 GU---------A---------------..............
